// Jest Snapshot v1, https://goo.gl/fbAQLP

exports[`App should match the snapshot with all data passed in correctly 1`] = `
<div
  className="app"
>
  <SearchForm
    searchCurrentPage={[Function]}
  />
  <main>
    <Menu
      changeCurrentPage={[Function]}
    />
    <NewsContainer
      data={Array []}
    />
  </main>
</div>
`;
